19:04:54 **** Build of configuration Debug for project 000TestProject ****
make -j8 all 
arm-none-eabi-gcc -mcpu=cortex-m4 -g3 -c -x assembler-with-cpp -MMD -MP -MF"Startup/startup_stm32f401retx.d" -MT"Startup/startup_stm32f401retx.o" --specs=nano.specs -mfloat-abi=soft -mthumb -o "Startup/startup_stm32f401retx.o" "../Startup/startup_stm32f401retx.s"
arm-none-eabi-gcc "../Src/main.c" -mcpu=cortex-m4 -std=gnu11 -g3 -DNUCLEO_F401RE -DSTM32 -DSTM32F401RETx -DSTM32F4 -DDEBUG -c -I../Inc -O0 -ffunction-sections -fdata-sections -Wall -fstack-usage -MMD -MP -MF"Src/main.d" -MT"Src/main.o" --specs=nano.specs -mfloat-abi=soft -mthumb -o "Src/main.o"
arm-none-eabi-gcc "../Src/syscalls.c" -mcpu=cortex-m4 -std=gnu11 -g3 -DNUCLEO_F401RE -DSTM32 -DSTM32F401RETx -DSTM32F4 -DDEBUG -c -I../Inc -O0 -ffunction-sections -fdata-sections -Wall -fstack-usage -MMD -MP -MF"Src/syscalls.d" -MT"Src/syscalls.o" --specs=nano.specs -mfloat-abi=soft -mthumb -o "Src/syscalls.o"
arm-none-eabi-gcc "../Src/sysmem.c" -mcpu=cortex-m4 -std=gnu11 -g3 -DNUCLEO_F401RE -DSTM32 -DSTM32F401RETx -DSTM32F4 -DDEBUG -c -I../Inc -O0 -ffunction-sections -fdata-sections -Wall -fstack-usage -MMD -MP -MF"Src/sysmem.d" -MT"Src/sysmem.o" --specs=nano.specs -mfloat-abi=soft -mthumb -o "Src/sysmem.o"
arm-none-eabi-gcc -o "000TestProject.elf" @"objects.list"   -mcpu=cortex-m4 -T"/home/radwan/Embedded-C/My_workspace/target/000TestProject/STM32F401RETX_FLASH.ld" --specs=nosys.specs -Wl,-Map="000TestProject.map" -Wl,--gc-sections -static --specs=nano.specs -mfloat-abi=soft -mthumb -Wl,--start-group -lc -lm -Wl,--end-group
Finished building target: 000TestProject.elf
 
arm-none-eabi-size   000TestProject.elf 
arm-none-eabi-objdump -h -S  000TestProject.elf  > "000TestProject.list"
   text	   data	    bss	    dec	    hex	filename
    656	      8	   1568	   2232	    8b8	000TestProject.elf
arm-none-eabi-objcopy  -O binary  000TestProject.elf  "000TestProject.bin"
Finished building: default.size.stdout
 
Finished building: 000TestProject.bin
Finished building: 000TestProject.list
 
 

19:04:54 Build Finished. 0 errors, 0 warnings. (took 613ms)

