20:13:03 **** Build of configuration Debug for project 004Add_Discovery ****
make -j8 all 
arm-none-eabi-gcc -mcpu=cortex-m4 -g3 -c -x assembler-with-cpp -MMD -MP -MF"Startup/startup_stm32f407vgtx.d" -MT"Startup/startup_stm32f407vgtx.o" --specs=nano.specs -mfpu=fpv4-sp-d16 -mfloat-abi=hard -mthumb -o "Startup/startup_stm32f407vgtx.o" "../Startup/startup_stm32f407vgtx.s"
arm-none-eabi-gcc "../Src/main.c" -mcpu=cortex-m4 -std=gnu11 -g3 -DSTM32 -DSTM32F407G_DISC1 -DSTM32F4 -DSTM32F407VGTx -DDEBUG -c -I../Inc -O0 -ffunction-sections -fdata-sections -Wall -fstack-usage -MMD -MP -MF"Src/main.d" -MT"Src/main.o" --specs=nano.specs -mfpu=fpv4-sp-d16 -mfloat-abi=hard -mthumb -o "Src/main.o"
arm-none-eabi-gcc "../Src/syscalls.c" -mcpu=cortex-m4 -std=gnu11 -g3 -DSTM32 -DSTM32F407G_DISC1 -DSTM32F4 -DSTM32F407VGTx -DDEBUG -c -I../Inc -O0 -ffunction-sections -fdata-sections -Wall -fstack-usage -MMD -MP -MF"Src/syscalls.d" -MT"Src/syscalls.o" --specs=nano.specs -mfpu=fpv4-sp-d16 -mfloat-abi=hard -mthumb -o "Src/syscalls.o"
arm-none-eabi-gcc "../Src/sysmem.c" -mcpu=cortex-m4 -std=gnu11 -g3 -DSTM32 -DSTM32F407G_DISC1 -DSTM32F4 -DSTM32F407VGTx -DDEBUG -c -I../Inc -O0 -ffunction-sections -fdata-sections -Wall -fstack-usage -MMD -MP -MF"Src/sysmem.d" -MT"Src/sysmem.o" --specs=nano.specs -mfpu=fpv4-sp-d16 -mfloat-abi=hard -mthumb -o "Src/sysmem.o"
arm-none-eabi-gcc -o "004Add_Discovery.elf" @"objects.list"   -mcpu=cortex-m4 -T"/home/radwan/Embedded-C/My_workspace/target/004Add_Discovery/STM32F407VGTX_FLASH.ld" --specs=nosys.specs -Wl,-Map="004Add_Discovery.map" -Wl,--gc-sections -static --specs=nano.specs -mfpu=fpv4-sp-d16 -mfloat-abi=hard -mthumb -Wl,--start-group -lc -lm -Wl,--end-group
Finished building target: 004Add_Discovery.elf
 
arm-none-eabi-size   004Add_Discovery.elf 
arm-none-eabi-objdump -h -S  004Add_Discovery.elf  > "004Add_Discovery.list"
arm-none-eabi-objcopy  -O binary  004Add_Discovery.elf  "004Add_Discovery.bin"
   text	   data	    bss	    dec	    hex	filename
   5008	    116	   1588	   6712	   1a38	004Add_Discovery.elf
Finished building: default.size.stdout
 
Finished building: 004Add_Discovery.bin
 
Finished building: 004Add_Discovery.list
 
20:13:22 **** Incremental Build of configuration Debug for project 004Add_Discovery ****
make -j8 all 
arm-none-eabi-size   004Add_Discovery.elf 
   text	   data	    bss	    dec	    hex	filename
   5008	    116	   1588	   6712	   1a38	004Add_Discovery.elf
Finished building: default.size.stdout
 
20:26:49 **** Incremental Build of configuration Debug for project 004Add_Discovery ****
make -j8 all 
arm-none-eabi-size   004Add_Discovery.elf 
   text	   data	    bss	    dec	    hex	filename
   5008	    116	   1588	   6712	   1a38	004Add_Discovery.elf
Finished building: default.size.stdout
 
20:27:58 **** Incremental Build of configuration Debug for project 004Add_Discovery ****
make -j8 all 
arm-none-eabi-size   004Add_Discovery.elf 
   text	   data	    bss	    dec	    hex	filename
   5008	    116	   1588	   6712	   1a38	004Add_Discovery.elf
Finished building: default.size.stdout
 
20:28:56 **** Incremental Build of configuration Debug for project 004Add_Discovery ****
make -j8 all 
arm-none-eabi-size   004Add_Discovery.elf 
   text	   data	    bss	    dec	    hex	filename
   5008	    116	   1588	   6712	   1a38	004Add_Discovery.elf
Finished building: default.size.stdout
 
